// Jest Snapshot v1, https://goo.gl/fbAQLP

exports[`iTunesAPI Limited search 1`] = `
{
  "resultCount": 5,
  "results": [
    {
      "amgArtistId": 4576,
      "artistId": 32940,
      "artistName": "Michael Jackson",
      "artistViewUrl": "https://music.apple.com/us/artist/michael-jackson/32940?uo=4",
      "artworkUrl100": "https://is1-ssl.mzstatic.com/image/thumb/Music125/v4/3d/9d/38/3d9d3811-71f0-3a0e-1ada-3004e56ff852/827969428726.jpg/100x100bb.jpg",
      "artworkUrl60": "https://is1-ssl.mzstatic.com/image/thumb/Music125/v4/3d/9d/38/3d9d3811-71f0-3a0e-1ada-3004e56ff852/827969428726.jpg/60x60bb.jpg",
      "collectionCensoredName": "The Essential Michael Jackson",
      "collectionExplicitness": "notExplicit",
      "collectionId": 159292399,
      "collectionName": "The Essential Michael Jackson",
      "collectionPrice": 16.99,
      "collectionType": "Album",
      "collectionViewUrl": "https://music.apple.com/us/album/the-essential-michael-jackson/159292399?uo=4",
      "copyright": "℗ 1972 Motown Records, a Division of UMG Recordings, Inc., 1976, 1978, 1980 Sony Music Entertainment, 1979, 1982, 1987, 1991, 1995, 2001, 2005 MJJ Productions Inc.",
      "country": "USA",
      "currency": "USD",
      "primaryGenreName": "Pop",
      "releaseDate": "2005-07-19T07:00:00Z",
      "trackCount": 38,
      "wrapperType": "collection",
    },
    {
      "amgArtistId": 4576,
      "artistId": 32940,
      "artistName": "Michael Jackson",
      "artistViewUrl": "https://music.apple.com/us/artist/michael-jackson/32940?uo=4",
      "artworkUrl100": "https://is1-ssl.mzstatic.com/image/thumb/Features125/v4/2a/82/a5/2a82a59b-6e79-7c39-761a-c1d3b82e93cb/dj.dzbxcmnk.jpg/100x100bb.jpg",
      "artworkUrl60": "https://is1-ssl.mzstatic.com/image/thumb/Features125/v4/2a/82/a5/2a82a59b-6e79-7c39-761a-c1d3b82e93cb/dj.dzbxcmnk.jpg/60x60bb.jpg",
      "collectionCensoredName": "Michael Jackson's This Is It (The Music That Inspired the Movie)",
      "collectionExplicitness": "notExplicit",
      "collectionId": 336643808,
      "collectionName": "Michael Jackson's This Is It (The Music That Inspired the Movie)",
      "collectionPrice": 10.99,
      "collectionType": "Album",
      "collectionViewUrl": "https://music.apple.com/us/album/michael-jacksons-this-is-it-the-music-that-inspired/336643808?uo=4",
      "copyright": "℗ 1979, 1982, 1987, 1991, 1995, 2009 MJJ Productions Inc./(P) 2009 MJJ Productions Inc.",
      "country": "USA",
      "currency": "USD",
      "primaryGenreName": "Soundtrack",
      "releaseDate": "2009-10-26T07:00:00Z",
      "trackCount": 20,
      "wrapperType": "collection",
    },
    {
      "amgArtistId": 4576,
      "artistId": 32940,
      "artistName": "Michael Jackson",
      "artistViewUrl": "https://music.apple.com/us/artist/michael-jackson/32940?uo=4",
      "artworkUrl100": "https://is1-ssl.mzstatic.com/image/thumb/Music115/v4/a3/80/ab/a380ab2b-8f46-c230-6f21-07707105808b/888880457066.jpg/100x100bb.jpg",
      "artworkUrl60": "https://is1-ssl.mzstatic.com/image/thumb/Music115/v4/a3/80/ab/a380ab2b-8f46-c230-6f21-07707105808b/888880457066.jpg/60x60bb.jpg",
      "collectionCensoredName": "Number Ones",
      "collectionExplicitness": "notExplicit",
      "collectionId": 273598907,
      "collectionName": "Number Ones",
      "collectionPrice": 10.99,
      "collectionType": "Album",
      "collectionViewUrl": "https://music.apple.com/us/album/number-ones/273598907?uo=4",
      "copyright": "℗ 1979, 1981, 1982, 1987, 1991, 1995, 2001, 2003 MJJ Productions, Inc.",
      "country": "USA",
      "currency": "USD",
      "primaryGenreName": "Pop",
      "releaseDate": "2003-11-17T08:00:00Z",
      "trackCount": 18,
      "wrapperType": "collection",
    },
    {
      "amgArtistId": 4576,
      "artistId": 32940,
      "artistName": "Michael Jackson",
      "artistViewUrl": "https://music.apple.com/us/artist/michael-jackson/32940?uo=4",
      "artworkUrl100": "https://is1-ssl.mzstatic.com/image/thumb/Music60/v4/5d/ef/cf/5defcfb9-f090-2bde-d902-10701f0c14f0/dj.imtamrid.jpg/100x100bb.jpg",
      "artworkUrl60": "https://is1-ssl.mzstatic.com/image/thumb/Music60/v4/5d/ef/cf/5defcfb9-f090-2bde-d902-10701f0c14f0/dj.imtamrid.jpg/60x60bb.jpg",
      "collectionCensoredName": "Michael Jackson's Vision",
      "collectionExplicitness": "notExplicit",
      "collectionId": 405410751,
      "collectionName": "Michael Jackson's Vision",
      "collectionPrice": 29.99,
      "collectionType": "Album",
      "collectionViewUrl": "https://music.apple.com/us/album/michael-jacksons-vision/405410751?uo=4",
      "copyright": "℗ (C) 2010 MJJ Productions, Inc.",
      "country": "USA",
      "currency": "USD",
      "primaryGenreName": "Pop",
      "releaseDate": "2010-01-01T00:00:00Z",
      "trackCount": 43,
      "wrapperType": "collection",
    },
    {
      "amgArtistId": 4576,
      "artistId": 32940,
      "artistName": "Michael Jackson",
      "artistViewUrl": "https://music.apple.com/us/artist/michael-jackson/32940?uo=4",
      "artworkUrl100": "https://is1-ssl.mzstatic.com/image/thumb/Music115/v4/32/4f/fd/324ffda2-9e51-8f6a-0c2d-c6fd2b41ac55/074643811224.jpg/100x100bb.jpg",
      "artworkUrl60": "https://is1-ssl.mzstatic.com/image/thumb/Music115/v4/32/4f/fd/324ffda2-9e51-8f6a-0c2d-c6fd2b41ac55/074643811224.jpg/60x60bb.jpg",
      "collectionCensoredName": "Thriller",
      "collectionExplicitness": "notExplicit",
      "collectionId": 269572838,
      "collectionName": "Thriller",
      "collectionPrice": 9.99,
      "collectionType": "Album",
      "collectionViewUrl": "https://music.apple.com/us/album/thriller/269572838?uo=4",
      "copyright": "℗ 1982 MJJ Productions Inc.",
      "country": "USA",
      "currency": "USD",
      "primaryGenreName": "Pop",
      "releaseDate": "1982-11-30T08:00:00Z",
      "trackCount": 9,
      "wrapperType": "collection",
    },
  ],
}
`;

exports[`iTunesAPI Simple Search 1`] = `
{
  "resultCount": 49,
  "results": [
    {
      "amgArtistId": 5034,
      "artistId": 112018,
      "artistName": "Nirvana",
      "artistViewUrl": "https://music.apple.com/us/artist/nirvana/112018?uo=4",
      "artworkUrl100": "https://is1-ssl.mzstatic.com/image/thumb/Music115/v4/95/fd/b9/95fdb9b2-6d2b-92a6-97f2-51c1a6d77f1a/00602527874609.rgb.jpg/100x100bb.jpg",
      "artworkUrl60": "https://is1-ssl.mzstatic.com/image/thumb/Music115/v4/95/fd/b9/95fdb9b2-6d2b-92a6-97f2-51c1a6d77f1a/00602527874609.rgb.jpg/60x60bb.jpg",
      "collectionCensoredName": "Nevermind",
      "collectionExplicitness": "explicit",
      "collectionId": 1440783617,
      "collectionName": "Nevermind",
      "collectionPrice": 10.99,
      "collectionType": "Album",
      "collectionViewUrl": "https://music.apple.com/us/album/nevermind/1440783617?uo=4",
      "contentAdvisoryRating": "Explicit",
      "copyright": "℗ 2011 Geffen Records",
      "country": "USA",
      "currency": "USD",
      "primaryGenreName": "Alternative",
      "releaseDate": "1991-09-24T07:00:00Z",
      "trackCount": 13,
      "wrapperType": "collection",
    },
    {
      "amgArtistId": 5034,
      "artistId": 112018,
      "artistName": "Nirvana",
      "artistViewUrl": "https://music.apple.com/us/artist/nirvana/112018?uo=4",
      "artworkUrl100": "https://is1-ssl.mzstatic.com/image/thumb/Music124/v4/71/fc/61/71fc6147-fa50-2e25-4e42-db8b45e345ab/Nirvana_Bleach_20th_1425px.jpg/100x100bb.jpg",
      "artworkUrl60": "https://is1-ssl.mzstatic.com/image/thumb/Music124/v4/71/fc/61/71fc6147-fa50-2e25-4e42-db8b45e345ab/Nirvana_Bleach_20th_1425px.jpg/60x60bb.jpg",
      "collectionCensoredName": "Bleach (Deluxe Edition)",
      "collectionExplicitness": "notExplicit",
      "collectionId": 669728060,
      "collectionName": "Bleach (Deluxe Edition)",
      "collectionPrice": 13.99,
      "collectionType": "Album",
      "collectionViewUrl": "https://music.apple.com/us/album/bleach-deluxe-edition/669728060?uo=4",
      "copyright": "℗ 2009 Sub Pop Records",
      "country": "USA",
      "currency": "USD",
      "primaryGenreName": "Alternative",
      "releaseDate": "1989-06-15T07:00:00Z",
      "trackCount": 26,
      "wrapperType": "collection",
    },
    {
      "amgArtistId": 5034,
      "artistId": 112018,
      "artistName": "Nirvana",
      "artistViewUrl": "https://music.apple.com/us/artist/nirvana/112018?uo=4",
      "artworkUrl100": "https://is1-ssl.mzstatic.com/image/thumb/Music115/v4/7b/58/c2/7b58c21a-2b51-2bb2-e59a-9bb9b96ad8c3/00602567924166.rgb.jpg/100x100bb.jpg",
      "artworkUrl60": "https://is1-ssl.mzstatic.com/image/thumb/Music115/v4/7b/58/c2/7b58c21a-2b51-2bb2-e59a-9bb9b96ad8c3/00602567924166.rgb.jpg/60x60bb.jpg",
      "collectionCensoredName": "Nirvana",
      "collectionExplicitness": "notExplicit",
      "collectionId": 1413920644,
      "collectionName": "Nirvana",
      "collectionPrice": 10.99,
      "collectionType": "Album",
      "collectionViewUrl": "https://music.apple.com/us/album/nirvana/1413920644?uo=4",
      "copyright": "A Geffen Records Release; ℗ 2002 UMG Recordings, Inc.",
      "country": "USA",
      "currency": "USD",
      "primaryGenreName": "Alternative",
      "releaseDate": "2002-10-29T08:00:00Z",
      "trackCount": 14,
      "wrapperType": "collection",
    },
    {
      "amgArtistId": 5034,
      "artistId": 112018,
      "artistName": "Nirvana",
      "artistViewUrl": "https://music.apple.com/us/artist/nirvana/112018?uo=4",
      "artworkUrl100": "https://is1-ssl.mzstatic.com/image/thumb/Music125/v4/46/24/33/462433f9-ee74-2d60-4538-859826a7bed7/00720642472729.rgb.jpg/100x100bb.jpg",
      "artworkUrl60": "https://is1-ssl.mzstatic.com/image/thumb/Music125/v4/46/24/33/462433f9-ee74-2d60-4538-859826a7bed7/00720642472729.rgb.jpg/60x60bb.jpg",
      "collectionCensoredName": "MTV Unplugged In New York (Live Acoustic)",
      "collectionExplicitness": "notExplicit",
      "collectionId": 1440892370,
      "collectionName": "MTV Unplugged In New York (Live Acoustic)",
      "collectionPrice": 10.99,
      "collectionType": "Album",
      "collectionViewUrl": "https://music.apple.com/us/album/mtv-unplugged-in-new-york-live-acoustic/1440892370?uo=4",
      "copyright": "℗ 1994 UMG Recordings, Inc.",
      "country": "USA",
      "currency": "USD",
      "primaryGenreName": "Alternative",
      "releaseDate": "1994-11-01T08:00:00Z",
      "trackCount": 14,
      "wrapperType": "collection",
    },
    {
      "amgArtistId": 5034,
      "artistId": 112018,
      "artistName": "Nirvana",
      "artistViewUrl": "https://music.apple.com/us/artist/nirvana/112018?uo=4",
      "artworkUrl100": "https://is1-ssl.mzstatic.com/image/thumb/Music/ca/ca/7d/mzi.amsdznjy.jpg/100x100bb.jpg",
      "artworkUrl60": "https://is1-ssl.mzstatic.com/image/thumb/Music/ca/ca/7d/mzi.amsdznjy.jpg/60x60bb.jpg",
      "collectionCensoredName": "Bleach (20th Anniversary Deluxe Edition)",
      "collectionExplicitness": "notExplicit",
      "collectionId": 336377945,
      "collectionName": "Bleach (20th Anniversary Deluxe Edition)",
      "collectionPrice": 11.99,
      "collectionType": "Album",
      "collectionViewUrl": "https://music.apple.com/us/album/bleach-20th-anniversary-deluxe-edition/336377945?uo=4",
      "copyright": "℗ 2009 Sub Pop Records",
      "country": "USA",
      "currency": "USD",
      "primaryGenreName": "Alternative",
      "releaseDate": "1989-06-15T07:00:00Z",
      "trackCount": 25,
      "wrapperType": "collection",
    },
    {
      "amgArtistId": 5034,
      "artistId": 112018,
      "artistName": "Nirvana",
      "artistViewUrl": "https://music.apple.com/us/artist/nirvana/112018?uo=4",
      "artworkUrl100": "https://is1-ssl.mzstatic.com/image/thumb/Music125/v4/e3/20/03/e32003a4-99bc-1c70-40ba-001882f35dba/00602537526840.rgb.jpg/100x100bb.jpg",
      "artworkUrl60": "https://is1-ssl.mzstatic.com/image/thumb/Music125/v4/e3/20/03/e32003a4-99bc-1c70-40ba-001882f35dba/00602537526840.rgb.jpg/60x60bb.jpg",
      "collectionCensoredName": "In Utero (20th Anniversary Edition)",
      "collectionExplicitness": "notExplicit",
      "collectionId": 1440858699,
      "collectionName": "In Utero (20th Anniversary Edition)",
      "collectionPrice": 10.99,
      "collectionType": "Album",
      "collectionViewUrl": "https://music.apple.com/us/album/in-utero-20th-anniversary-edition/1440858699?uo=4",
      "copyright": "A Geffen Records Release; ℗ 2013 UMG Recordings, Inc.",
      "country": "USA",
      "currency": "USD",
      "primaryGenreName": "Alternative",
      "releaseDate": "1993-09-21T07:00:00Z",
      "trackCount": 12,
      "wrapperType": "collection",
    },
    {
      "amgArtistId": 5034,
      "artistId": 112018,
      "artistName": "Nirvana",
      "artistViewUrl": "https://music.apple.com/us/artist/nirvana/112018?uo=4",
      "artworkUrl100": "https://is1-ssl.mzstatic.com/image/thumb/Music124/v4/12/5b/e8/125be895-d884-33c3-54e2-df1da7699384/00602567822837.rgb.jpg/100x100bb.jpg",
      "artworkUrl60": "https://is1-ssl.mzstatic.com/image/thumb/Music124/v4/12/5b/e8/125be895-d884-33c3-54e2-df1da7699384/00602567822837.rgb.jpg/60x60bb.jpg",
      "collectionCensoredName": "Incesticide",
      "collectionExplicitness": "explicit",
      "collectionId": 1434917065,
      "collectionName": "Incesticide",
      "collectionPrice": 10.99,
      "collectionType": "Album",
      "collectionViewUrl": "https://music.apple.com/us/album/incesticide/1434917065?uo=4",
      "contentAdvisoryRating": "Explicit",
      "copyright": "A Geffen Records release; ℗ 1992 UMG Recordings, Inc.",
      "country": "USA",
      "currency": "USD",
      "primaryGenreName": "Alternative",
      "releaseDate": "1992-12-14T08:00:00Z",
      "trackCount": 15,
      "wrapperType": "collection",
    },
    {
      "amgArtistId": 5034,
      "artistId": 112018,
      "artistName": "Nirvana",
      "artistViewUrl": "https://music.apple.com/us/artist/nirvana/112018?uo=4",
      "artworkUrl100": "https://is1-ssl.mzstatic.com/image/thumb/Music125/v4/5c/53/5d/5c535d31-9c80-c752-3ea3-887615eb7d51/21UM1IM09416.rgb.jpg/100x100bb.jpg",
      "artworkUrl60": "https://is1-ssl.mzstatic.com/image/thumb/Music125/v4/5c/53/5d/5c535d31-9c80-c752-3ea3-887615eb7d51/21UM1IM09416.rgb.jpg/60x60bb.jpg",
      "collectionCensoredName": "Nevermind (30th Anniversary Super Deluxe)",
      "collectionExplicitness": "explicit",
      "collectionId": 1586410660,
      "collectionName": "Nevermind (30th Anniversary Super Deluxe)",
      "collectionPrice": 44.99,
      "collectionType": "Album",
      "collectionViewUrl": "https://music.apple.com/us/album/nevermind-30th-anniversary-super-deluxe/1586410660?uo=4",
      "contentAdvisoryRating": "Explicit",
      "copyright": "A Geffen Records release; ℗ 2021 UMG Recordings, Inc.",
      "country": "USA",
      "currency": "USD",
      "primaryGenreName": "Rock",
      "releaseDate": "1991-09-24T07:00:00Z",
      "trackCount": 75,
      "wrapperType": "collection",
    },
    {
      "amgArtistId": 5034,
      "artistId": 112018,
      "artistName": "Nirvana",
      "artistViewUrl": "https://music.apple.com/us/artist/nirvana/112018?uo=4",
      "artworkUrl100": "https://is1-ssl.mzstatic.com/image/thumb/Music114/v4/fc/f9/6e/fcf96ec5-8505-ef9e-0c06-c4fdbb1ed73b/00602527829463.rgb.jpg/100x100bb.jpg",
      "artworkUrl60": "https://is1-ssl.mzstatic.com/image/thumb/Music114/v4/fc/f9/6e/fcf96ec5-8505-ef9e-0c06-c4fdbb1ed73b/00602527829463.rgb.jpg/60x60bb.jpg",
      "collectionCensoredName": "Nevermind (Super Deluxe Edition)",
      "collectionExplicitness": "explicit",
      "collectionId": 1440823614,
      "collectionName": "Nevermind (Super Deluxe Edition)",
      "collectionPrice": 36.99,
      "collectionType": "Album",
      "collectionViewUrl": "https://music.apple.com/us/album/nevermind-super-deluxe-edition/1440823614?uo=4",
      "contentAdvisoryRating": "Explicit",
      "copyright": "This Compilation ℗ 2011 Geffen Records",
      "country": "USA",
      "currency": "USD",
      "primaryGenreName": "Grunge",
      "releaseDate": "1991-09-24T07:00:00Z",
      "trackCount": 70,
      "wrapperType": "collection",
    },
    {
      "amgArtistId": 5034,
      "artistId": 112018,
      "artistName": "Nirvana",
      "artistViewUrl": "https://music.apple.com/us/artist/nirvana/112018?uo=4",
      "artworkUrl100": "https://is1-ssl.mzstatic.com/image/thumb/Music115/v4/04/3c/fc/043cfc5c-9553-af0c-c9f5-fe4d9e0ac079/20UM1IM17743.rgb.jpg/100x100bb.jpg",
      "artworkUrl60": "https://is1-ssl.mzstatic.com/image/thumb/Music115/v4/04/3c/fc/043cfc5c-9553-af0c-c9f5-fe4d9e0ac079/20UM1IM17743.rgb.jpg/60x60bb.jpg",
      "collectionCensoredName": "MTV Unplugged In New York (Live Acoustic) [25th Anniversary Edition]",
      "collectionExplicitness": "notExplicit",
      "collectionId": 1545866762,
      "collectionName": "MTV Unplugged In New York (Live Acoustic) [25th Anniversary Edition]",
      "collectionPrice": 12.99,
      "collectionType": "Album",
      "collectionViewUrl": "https://music.apple.com/us/album/mtv-unplugged-in-new-york-live-acoustic-25th-anniversary/1545866762?uo=4",
      "copyright": "A Geffen Records Release; ℗ 2019 UMG Recordings, Inc.",
      "country": "USA",
      "currency": "USD",
      "primaryGenreName": "Alternative",
      "releaseDate": "1994-11-01T08:00:00Z",
      "trackCount": 19,
      "wrapperType": "collection",
    },
    {
      "amgArtistId": 5034,
      "artistId": 112018,
      "artistName": "Nirvana",
      "artistViewUrl": "https://music.apple.com/us/artist/nirvana/112018?uo=4",
      "artworkUrl100": "https://is1-ssl.mzstatic.com/image/thumb/Music116/v4/8c/98/8b/8c988bfe-3f1e-9b32-d14c-b401e307b0c4/23UMGIM88513.rgb.jpg/100x100bb.jpg",
      "artworkUrl60": "https://is1-ssl.mzstatic.com/image/thumb/Music116/v4/8c/98/8b/8c988bfe-3f1e-9b32-d14c-b401e307b0c4/23UMGIM88513.rgb.jpg/60x60bb.jpg",
      "collectionCensoredName": "In Utero (30th Anniversary Super Deluxe)",
      "collectionExplicitness": "notExplicit",
      "collectionId": 1702925205,
      "collectionName": "In Utero (30th Anniversary Super Deluxe)",
      "collectionPrice": 39.99,
      "collectionType": "Album",
      "collectionViewUrl": "https://music.apple.com/us/album/in-utero-30th-anniversary-super-deluxe/1702925205?uo=4",
      "copyright": "A Geffen Records release; ℗ 2023 UMG Recordings, Inc.",
      "country": "USA",
      "currency": "USD",
      "primaryGenreName": "Rock",
      "releaseDate": "1993-09-21T07:00:00Z",
      "trackCount": 72,
      "wrapperType": "collection",
    },
    {
      "amgArtistId": 5034,
      "artistId": 112018,
      "artistName": "Nirvana",
      "artistViewUrl": "https://music.apple.com/us/artist/nirvana/112018?uo=4",
      "artworkUrl100": "https://is1-ssl.mzstatic.com/image/thumb/Music128/v4/f5/52/c9/f552c968-1104-5335-83b9-4d1c4bcd19e6/00602527203676.rgb.jpg/100x100bb.jpg",
      "artworkUrl60": "https://is1-ssl.mzstatic.com/image/thumb/Music128/v4/f5/52/c9/f552c968-1104-5335-83b9-4d1c4bcd19e6/00602527203676.rgb.jpg/60x60bb.jpg",
      "collectionCensoredName": "Live at Reading",
      "collectionExplicitness": "notExplicit",
      "collectionId": 1440797324,
      "collectionName": "Live at Reading",
      "collectionPrice": 10.99,
      "collectionType": "Album",
      "collectionViewUrl": "https://music.apple.com/us/album/live-at-reading/1440797324?uo=4",
      "copyright": "℗ 2009 Geffen Records",
      "country": "USA",
      "currency": "USD",
      "primaryGenreName": "Alternative",
      "releaseDate": "2009-11-03T08:00:00Z",
      "trackCount": 24,
      "wrapperType": "collection",
    },
    {
      "amgArtistId": 5034,
      "artistId": 112018,
      "artistName": "Nirvana",
      "artistViewUrl": "https://music.apple.com/us/artist/nirvana/112018?uo=4",
      "artworkUrl100": "https://is1-ssl.mzstatic.com/image/thumb/Music118/v4/9b/b4/fa/9bb4fa8d-035f-44e8-2de7-5cb8ecb0d88f/00602527685885.rgb.jpg/100x100bb.jpg",
      "artworkUrl60": "https://is1-ssl.mzstatic.com/image/thumb/Music118/v4/9b/b4/fa/9bb4fa8d-035f-44e8-2de7-5cb8ecb0d88f/00602527685885.rgb.jpg/60x60bb.jpg",
      "collectionCensoredName": "With the Lights Out",
      "collectionExplicitness": "notExplicit",
      "collectionId": 1440833316,
      "collectionName": "With the Lights Out",
      "collectionPrice": 34.99,
      "collectionType": "Album",
      "collectionViewUrl": "https://music.apple.com/us/album/with-the-lights-out/1440833316?uo=4",
      "copyright": "This Compilation ℗ 2011 Geffen Records Inc.",
      "country": "USA",
      "currency": "USD",
      "primaryGenreName": "Rock",
      "releaseDate": "2004-11-23T00:00:00Z",
      "trackCount": 61,
      "wrapperType": "collection",
    },
    {
      "amgArtistId": 5034,
      "artistId": 112018,
      "artistName": "Nirvana",
      "artistViewUrl": "https://music.apple.com/us/artist/nirvana/112018?uo=4",
      "artworkUrl100": "https://is1-ssl.mzstatic.com/image/thumb/Music125/v4/b8/7d/95/b87d95e5-3d3e-9dc8-90a5-6532d57f8674/00602537511648.rgb.jpg/100x100bb.jpg",
      "artworkUrl60": "https://is1-ssl.mzstatic.com/image/thumb/Music125/v4/b8/7d/95/b87d95e5-3d3e-9dc8-90a5-6532d57f8674/00602537511648.rgb.jpg/60x60bb.jpg",
      "collectionCensoredName": "In Utero (20th Anniversary Super Deluxe Edition)",
      "collectionExplicitness": "notExplicit",
      "collectionId": 1440830905,
      "collectionName": "In Utero (20th Anniversary Super Deluxe Edition)",
      "collectionPrice": 35.99,
      "collectionType": "Album",
      "collectionViewUrl": "https://music.apple.com/us/album/in-utero-20th-anniversary-super-deluxe-edition/1440830905?uo=4",
      "copyright": "A Geffen Records Release; ℗ 2013 UMG Recordings, Inc.",
      "country": "USA",
      "currency": "USD",
      "primaryGenreName": "Grunge",
      "releaseDate": "1993-09-21T07:00:00Z",
      "trackCount": 60,
      "wrapperType": "collection",
    },
    {
      "amgArtistId": 5034,
      "artistId": 112018,
      "artistName": "Nirvana",
      "artistViewUrl": "https://music.apple.com/us/artist/nirvana/112018?uo=4",
      "artworkUrl100": "https://is1-ssl.mzstatic.com/image/thumb/Music123/v4/4f/f6/1c/4ff61ccc-09ac-b3cd-7fb6-9d347d44676d/00602577329524.rgb.jpg/100x100bb.jpg",
      "artworkUrl60": "https://is1-ssl.mzstatic.com/image/thumb/Music123/v4/4f/f6/1c/4ff61ccc-09ac-b3cd-7fb6-9d347d44676d/00602577329524.rgb.jpg/60x60bb.jpg",
      "collectionCensoredName": "Live at the Paramount",
      "collectionExplicitness": "notExplicit",
      "collectionId": 1458927119,
      "collectionName": "Live at the Paramount",
      "collectionPrice": 10.99,
      "collectionType": "Album",
      "collectionViewUrl": "https://music.apple.com/us/album/live-at-the-paramount/1458927119?uo=4",
      "copyright": "A Geffen Records release; ℗ 2019 UMG Recordings, Inc.",
      "country": "USA",
      "currency": "USD",
      "primaryGenreName": "Alternative",
      "releaseDate": "2019-04-12T07:00:00Z",
      "trackCount": 19,
      "wrapperType": "collection",
    },
    {
      "amgArtistId": 5034,
      "artistId": 112018,
      "artistName": "Nirvana",
      "artistViewUrl": "https://music.apple.com/us/artist/nirvana/112018?uo=4",
      "artworkUrl100": "https://is1-ssl.mzstatic.com/image/thumb/Music114/v4/6f/63/01/6f630193-1d6d-e265-e7d1-311763fa13ff/00602537528646.rgb.jpg/100x100bb.jpg",
      "artworkUrl60": "https://is1-ssl.mzstatic.com/image/thumb/Music114/v4/6f/63/01/6f630193-1d6d-e265-e7d1-311763fa13ff/00602537528646.rgb.jpg/60x60bb.jpg",
      "collectionCensoredName": "In Utero (20th Anniversary Deluxe Edition)",
      "collectionExplicitness": "notExplicit",
      "collectionId": 1440875565,
      "collectionName": "In Utero (20th Anniversary Deluxe Edition)",
      "collectionPrice": 27.99,
      "collectionType": "Album",
      "collectionViewUrl": "https://music.apple.com/us/album/in-utero-20th-anniversary-deluxe-edition/1440875565?uo=4",
      "copyright": "℗ 2013 Geffen Records",
      "country": "USA",
      "currency": "USD",
      "primaryGenreName": "Grunge",
      "releaseDate": "1993-09-21T07:00:00Z",
      "trackCount": 43,
      "wrapperType": "collection",
    },
    {
      "amgArtistId": 5034,
      "artistId": 112018,
      "artistName": "Nirvana",
      "artistViewUrl": "https://music.apple.com/us/artist/nirvana/112018?uo=4",
      "artworkUrl100": "https://is1-ssl.mzstatic.com/image/thumb/Music113/v4/1a/6e/9f/1a6e9fe4-8fd1-eaee-f406-58b874c8576b/19UMGIM59921.rgb.jpg/100x100bb.jpg",
      "artworkUrl60": "https://is1-ssl.mzstatic.com/image/thumb/Music113/v4/1a/6e/9f/1a6e9fe4-8fd1-eaee-f406-58b874c8576b/19UMGIM59921.rgb.jpg/60x60bb.jpg",
      "collectionCensoredName": "Live and Loud",
      "collectionExplicitness": "notExplicit",
      "collectionId": 1476776257,
      "collectionName": "Live and Loud",
      "collectionPrice": 10.99,
      "collectionType": "Album",
      "collectionViewUrl": "https://music.apple.com/us/album/live-and-loud/1476776257?uo=4",
      "copyright": "A Geffen Records Release; ℗ 2019 UMG Recordings, Inc.",
      "country": "USA",
      "currency": "USD",
      "primaryGenreName": "Alternative",
      "releaseDate": "2013-09-23T07:00:00Z",
      "trackCount": 17,
      "wrapperType": "collection",
    },
    {
      "amgArtistId": 5034,
      "artistId": 112018,
      "artistName": "Nirvana",
      "artistViewUrl": "https://music.apple.com/us/artist/nirvana/112018?uo=4",
      "artworkUrl100": "https://is1-ssl.mzstatic.com/image/thumb/Music124/v4/3c/9b/05/3c9b0528-e8f5-eb09-dad0-4cabfdd3afaa/00720642510520.rgb.jpg/100x100bb.jpg",
      "artworkUrl60": "https://is1-ssl.mzstatic.com/image/thumb/Music124/v4/3c/9b/05/3c9b0528-e8f5-eb09-dad0-4cabfdd3afaa/00720642510520.rgb.jpg/60x60bb.jpg",
      "collectionCensoredName": "From the Muddy Banks of the Wishkah (Live)",
      "collectionExplicitness": "notExplicit",
      "collectionId": 1440917165,
      "collectionName": "From the Muddy Banks of the Wishkah (Live)",
      "collectionPrice": 10.99,
      "collectionType": "Album",
      "collectionViewUrl": "https://music.apple.com/us/album/from-the-muddy-banks-of-the-wishkah-live/1440917165?uo=4",
      "copyright": "A Geffen Records Release; ℗ 1996 UMG Recordings, Inc.",
      "country": "USA",
      "currency": "USD",
      "primaryGenreName": "Alternative",
      "releaseDate": "1996-10-01T07:00:00Z",
      "trackCount": 17,
      "wrapperType": "collection",
    },
    {
      "amgArtistId": 5034,
      "artistId": 112018,
      "artistName": "Nirvana",
      "artistViewUrl": "https://music.apple.com/us/artist/nirvana/112018?uo=4",
      "artworkUrl100": "https://is1-ssl.mzstatic.com/image/thumb/Music/y2004/m11/d09/h18/dj.rapnzjgn.jpg/100x100bb.jpg",
      "artworkUrl60": "https://is1-ssl.mzstatic.com/image/thumb/Music/y2004/m11/d09/h18/dj.rapnzjgn.jpg/60x60bb.jpg",
      "collectionCensoredName": "Lithium (Acoustic Version) - Single",
      "collectionExplicitness": "notExplicit",
      "collectionId": 28436515,
      "collectionName": "Lithium (Acoustic Version) - Single",
      "collectionPrice": 0.99,
      "collectionType": "Album",
      "collectionViewUrl": "https://music.apple.com/us/album/lithium-acoustic-version-single/28436515?uo=4",
      "copyright": "℗ 2004 Sub Pop",
      "country": "USA",
      "currency": "USD",
      "primaryGenreName": "Alternative",
      "releaseDate": "2004-11-23T08:00:00Z",
      "trackCount": 1,
      "wrapperType": "collection",
    },
    {
      "amgArtistId": 5034,
      "artistId": 112018,
      "artistName": "Nirvana",
      "artistViewUrl": "https://music.apple.com/us/artist/nirvana/112018?uo=4",
      "artworkUrl100": "https://is1-ssl.mzstatic.com/image/thumb/Music128/v4/bb/77/61/bb7761f7-1360-4649-e35d-aa8009d1bd50/00602498867181.rgb.jpg/100x100bb.jpg",
      "artworkUrl60": "https://is1-ssl.mzstatic.com/image/thumb/Music128/v4/bb/77/61/bb7761f7-1360-4649-e35d-aa8009d1bd50/00602498867181.rgb.jpg/60x60bb.jpg",
      "collectionCensoredName": "Sliver: The Best of the Box",
      "collectionExplicitness": "notExplicit",
      "collectionId": 1440778637,
      "collectionName": "Sliver: The Best of the Box",
      "collectionPrice": 11.99,
      "collectionType": "Album",
      "collectionViewUrl": "https://music.apple.com/us/album/sliver-the-best-of-the-box/1440778637?uo=4",
      "copyright": "This Compilation ℗ 2005 Geffen Records",
      "country": "USA",
      "currency": "USD",
      "primaryGenreName": "Grunge",
      "releaseDate": "2005-01-01T08:00:00Z",
      "trackCount": 22,
      "wrapperType": "collection",
    },
    {
      "amgArtistId": 5034,
      "artistId": 112018,
      "artistName": "Nirvana",
      "artistViewUrl": "https://music.apple.com/us/artist/nirvana/112018?uo=4",
      "artworkUrl100": "https://is1-ssl.mzstatic.com/image/thumb/Music115/v4/32/03/d2/3203d294-c0a0-a016-ddcb-508a093aa0b0/11UMGIM26899.rgb.jpg/100x100bb.jpg",
      "artworkUrl60": "https://is1-ssl.mzstatic.com/image/thumb/Music115/v4/32/03/d2/3203d294-c0a0-a016-ddcb-508a093aa0b0/11UMGIM26899.rgb.jpg/60x60bb.jpg",
      "collectionCensoredName": "Nevermind (Deluxe Edition)",
      "collectionExplicitness": "explicit",
      "collectionId": 1586895441,
      "collectionName": "Nevermind (Deluxe Edition)",
      "collectionPrice": 24.99,
      "collectionType": "Album",
      "collectionViewUrl": "https://music.apple.com/us/album/nevermind-deluxe-edition/1586895441?uo=4",
      "contentAdvisoryRating": "Explicit",
      "copyright": "This Compilation ℗ 2011 Geffen Records",
      "country": "USA",
      "currency": "USD",
      "primaryGenreName": "Rock",
      "releaseDate": "1991-09-24T07:00:00Z",
      "trackCount": 40,
      "wrapperType": "collection",
    },
    {
      "amgArtistId": 5034,
      "artistId": 112018,
      "artistName": "Nirvana",
      "artistViewUrl": "https://music.apple.com/us/artist/nirvana/112018?uo=4",
      "artworkUrl100": "https://is1-ssl.mzstatic.com/image/thumb/Music115/v4/4d/30/3b/4d303b4b-6f2e-a0d7-4572-27c78124cc57/21UM1IM09351.rgb.jpg/100x100bb.jpg",
      "artworkUrl60": "https://is1-ssl.mzstatic.com/image/thumb/Music115/v4/4d/30/3b/4d303b4b-6f2e-a0d7-4572-27c78124cc57/21UM1IM09351.rgb.jpg/60x60bb.jpg",
      "collectionCensoredName": "Nevermind (Deluxe)",
      "collectionExplicitness": "explicit",
      "collectionId": 1586417993,
      "collectionName": "Nevermind (Deluxe)",
      "collectionPrice": 17.99,
      "collectionType": "Album",
      "collectionViewUrl": "https://music.apple.com/us/album/nevermind-deluxe/1586417993?uo=4",
      "contentAdvisoryRating": "Explicit",
      "copyright": "A Geffen Records release; ℗ 2021 UMG Recordings, Inc.",
      "country": "USA",
      "currency": "USD",
      "primaryGenreName": "Rock",
      "releaseDate": "1991-09-24T07:00:00Z",
      "trackCount": 29,
      "wrapperType": "collection",
    },
    {
      "amgArtistId": 143230,
      "artistId": 256176428,
      "artistName": "Nirvana",
      "artistViewUrl": "https://music.apple.com/us/artist/nirvana/256176428?uo=4",
      "artworkUrl100": "https://is1-ssl.mzstatic.com/image/thumb/Music/v4/c9/5a/05/c95a0539-1ae9-f879-689f-66d85f9ccfe1/Cover.jpg/100x100bb.jpg",
      "artworkUrl60": "https://is1-ssl.mzstatic.com/image/thumb/Music/v4/c9/5a/05/c95a0539-1ae9-f879-689f-66d85f9ccfe1/Cover.jpg/60x60bb.jpg",
      "collectionCensoredName": "Cult",
      "collectionExplicitness": "notExplicit",
      "collectionId": 526972454,
      "collectionName": "Cult",
      "collectionPrice": 9.99,
      "collectionType": "Album",
      "collectionViewUrl": "https://music.apple.com/us/album/cult/526972454?uo=4",
      "copyright": "℗ 2012 Global Recording Artists",
      "country": "USA",
      "currency": "USD",
      "primaryGenreName": "Psychedelic",
      "releaseDate": "2012-04-27T07:00:00Z",
      "trackCount": 23,
      "wrapperType": "collection",
    },
    {
      "amgArtistId": 143230,
      "artistId": 256176428,
      "artistName": "Nirvana",
      "artistViewUrl": "https://music.apple.com/us/artist/nirvana/256176428?uo=4",
      "artworkUrl100": "https://is1-ssl.mzstatic.com/image/thumb/Music125/v4/2b/64/1a/2b641a57-5faa-61b2-4217-e76522cfedf8/00602567427384.rgb.jpg/100x100bb.jpg",
      "artworkUrl60": "https://is1-ssl.mzstatic.com/image/thumb/Music125/v4/2b/64/1a/2b641a57-5faa-61b2-4217-e76522cfedf8/00602567427384.rgb.jpg/60x60bb.jpg",
      "collectionCensoredName": "Rainbow Chaser: The 60s Recordings (The Island Years)",
      "collectionExplicitness": "notExplicit",
      "collectionId": 1370447928,
      "collectionName": "Rainbow Chaser: The 60s Recordings (The Island Years)",
      "collectionPrice": 27.99,
      "collectionType": "Album",
      "collectionViewUrl": "https://music.apple.com/us/album/rainbow-chaser-the-60s-recordings-the-island-years/1370447928?uo=4",
      "copyright": "An Island Records Release; This Compilation ℗ 2018 Universal Music Operations Limited",
      "country": "USA",
      "currency": "USD",
      "primaryGenreName": "Rock",
      "releaseDate": "2018-05-18T07:00:00Z",
      "trackCount": 52,
      "wrapperType": "collection",
    },
    {
      "artistId": 313583565,
      "artistName": "Approaching Nirvana",
      "artistViewUrl": "https://music.apple.com/us/artist/approaching-nirvana/313583565?uo=4",
      "artworkUrl100": "https://is1-ssl.mzstatic.com/image/thumb/Music115/v4/d8/69/65/d869658e-2875-c043-ff65-efacad8de4a9/859710943530_cover.tif/100x100bb.jpg",
      "artworkUrl60": "https://is1-ssl.mzstatic.com/image/thumb/Music115/v4/d8/69/65/d869658e-2875-c043-ff65-efacad8de4a9/859710943530_cover.tif/60x60bb.jpg",
      "collectionCensoredName": "Not Even Once",
      "collectionExplicitness": "notExplicit",
      "collectionId": 674040773,
      "collectionName": "Not Even Once",
      "collectionPrice": 9.99,
      "collectionType": "Album",
      "collectionViewUrl": "https://music.apple.com/us/album/not-even-once/674040773?uo=4",
      "copyright": "℗ 2013 Approaching Nirvana",
      "country": "USA",
      "currency": "USD",
      "primaryGenreName": "Electronic",
      "releaseDate": "2013-07-19T07:00:00Z",
      "trackCount": 34,
      "wrapperType": "collection",
    },
    {
      "amgArtistId": 5034,
      "artistId": 112018,
      "artistName": "Nirvana",
      "artistViewUrl": "https://music.apple.com/us/artist/nirvana/112018?uo=4",
      "artworkUrl100": "https://is1-ssl.mzstatic.com/image/thumb/Music128/v4/21/eb/8b/21eb8be3-1c5e-4be2-1cd9-e5b0161db519/00720642181522.rgb.jpg/100x100bb.jpg",
      "artworkUrl60": "https://is1-ssl.mzstatic.com/image/thumb/Music128/v4/21/eb/8b/21eb8be3-1c5e-4be2-1cd9-e5b0161db519/00720642181522.rgb.jpg/60x60bb.jpg",
      "collectionCensoredName": "Lithium - Single",
      "collectionExplicitness": "notExplicit",
      "collectionId": 1445283308,
      "collectionName": "Lithium - Single",
      "collectionPrice": 3.49,
      "collectionType": "Album",
      "collectionViewUrl": "https://music.apple.com/us/album/lithium-single/1445283308?uo=4",
      "copyright": "This Compilation ℗ 1992 Geffen Records Inc.",
      "country": "USA",
      "currency": "USD",
      "primaryGenreName": "Alternative",
      "releaseDate": "1992-01-01T08:00:00Z",
      "trackCount": 3,
      "wrapperType": "collection",
    },
    {
      "amgArtistId": 143230,
      "artistId": 256176428,
      "artistName": "Nirvana",
      "artistViewUrl": "https://music.apple.com/us/artist/nirvana/256176428?uo=4",
      "artworkUrl100": "https://is1-ssl.mzstatic.com/image/thumb/Music112/v4/48/66/7b/48667b2c-b7a4-1ef3-4958-03c19ac69dae/5021732020215.jpg/100x100bb.jpg",
      "artworkUrl60": "https://is1-ssl.mzstatic.com/image/thumb/Music112/v4/48/66/7b/48667b2c-b7a4-1ef3-4958-03c19ac69dae/5021732020215.jpg/60x60bb.jpg",
      "collectionCensoredName": "Chemistry",
      "collectionExplicitness": "notExplicit",
      "collectionId": 1633477114,
      "collectionName": "Chemistry",
      "collectionPrice": 9.99,
      "collectionType": "Album",
      "collectionViewUrl": "https://music.apple.com/us/album/chemistry/1633477114?uo=4",
      "copyright": "℗ 1999 Cherry Red Records Ltd.",
      "country": "USA",
      "currency": "USD",
      "primaryGenreName": "Rock",
      "releaseDate": "1999-01-01T08:00:00Z",
      "trackCount": 51,
      "wrapperType": "collection",
    },
    {
      "artistId": 313583565,
      "artistName": "Approaching Nirvana",
      "artistViewUrl": "https://music.apple.com/us/artist/approaching-nirvana/313583565?uo=4",
      "artworkUrl100": "https://is1-ssl.mzstatic.com/image/thumb/Music124/v4/80/85/da/8085da8a-29cf-9f8b-0779-c584221e1dbf/859708708363_cover.tif/100x100bb.jpg",
      "artworkUrl60": "https://is1-ssl.mzstatic.com/image/thumb/Music124/v4/80/85/da/8085da8a-29cf-9f8b-0779-c584221e1dbf/859708708363_cover.tif/60x60bb.jpg",
      "collectionCensoredName": "Evolve",
      "collectionExplicitness": "notExplicit",
      "collectionId": 554648093,
      "collectionName": "Evolve",
      "collectionPrice": 9.99,
      "collectionType": "Album",
      "collectionViewUrl": "https://music.apple.com/us/album/evolve/554648093?uo=4",
      "copyright": "℗ 2012 Approaching Nirvana",
      "country": "USA",
      "currency": "USD",
      "primaryGenreName": "Electronic",
      "releaseDate": "2012-09-01T07:00:00Z",
      "trackCount": 18,
      "wrapperType": "collection",
    },
    {
      "artistId": 313583565,
      "artistName": "Approaching Nirvana",
      "artistViewUrl": "https://music.apple.com/us/artist/approaching-nirvana/313583565?uo=4",
      "artworkUrl100": "https://is1-ssl.mzstatic.com/image/thumb/Features114/v4/66/66/fa/6666fa20-90a9-58cb-414b-c5ba79c8f63c/dj.vekadcsp.tif/100x100bb.jpg",
      "artworkUrl60": "https://is1-ssl.mzstatic.com/image/thumb/Features114/v4/66/66/fa/6666fa20-90a9-58cb-414b-c5ba79c8f63c/dj.vekadcsp.tif/60x60bb.jpg",
      "collectionCensoredName": "Lapse in Time",
      "collectionExplicitness": "notExplicit",
      "collectionId": 458353908,
      "collectionName": "Lapse in Time",
      "collectionPrice": 9.99,
      "collectionType": "Album",
      "collectionViewUrl": "https://music.apple.com/us/album/lapse-in-time/458353908?uo=4",
      "copyright": "℗ 2011 Approaching Nirvana",
      "country": "USA",
      "currency": "USD",
      "primaryGenreName": "Electronic",
      "releaseDate": "2011-08-20T07:00:00Z",
      "trackCount": 16,
      "wrapperType": "collection",
    },
    {
      "artistId": 313583565,
      "artistName": "Approaching Nirvana",
      "artistViewUrl": "https://music.apple.com/us/artist/approaching-nirvana/313583565?uo=4",
      "artworkUrl100": "https://is1-ssl.mzstatic.com/image/thumb/Music125/v4/7c/05/67/7c0567d5-ab4a-2a54-385d-ce17a6b56832/859713102736_cover.tif/100x100bb.jpg",
      "artworkUrl60": "https://is1-ssl.mzstatic.com/image/thumb/Music125/v4/7c/05/67/7c0567d5-ab4a-2a54-385d-ce17a6b56832/859713102736_cover.tif/60x60bb.jpg",
      "collectionCensoredName": "Animals",
      "collectionExplicitness": "notExplicit",
      "collectionId": 908780721,
      "collectionName": "Animals",
      "collectionPrice": 9.99,
      "collectionType": "Album",
      "collectionViewUrl": "https://music.apple.com/us/album/animals/908780721?uo=4",
      "copyright": "℗ 2014 Approaching Nirvana",
      "country": "USA",
      "currency": "USD",
      "primaryGenreName": "Dance",
      "releaseDate": "2014-08-22T07:00:00Z",
      "trackCount": 31,
      "wrapperType": "collection",
    },
    {
      "artistId": 313583565,
      "artistName": "Approaching Nirvana",
      "artistViewUrl": "https://music.apple.com/us/artist/approaching-nirvana/313583565?uo=4",
      "artworkUrl100": "https://is1-ssl.mzstatic.com/image/thumb/Features124/v4/15/76/47/1576479e-6608-df8c-b6ce-7447684bd4a6/dj.ntlqxekx.tif/100x100bb.jpg",
      "artworkUrl60": "https://is1-ssl.mzstatic.com/image/thumb/Features124/v4/15/76/47/1576479e-6608-df8c-b6ce-7447684bd4a6/dj.ntlqxekx.tif/60x60bb.jpg",
      "collectionCensoredName": "Blocking the Sky",
      "collectionExplicitness": "notExplicit",
      "collectionId": 512985308,
      "collectionName": "Blocking the Sky",
      "collectionPrice": 9.99,
      "collectionType": "Album",
      "collectionViewUrl": "https://music.apple.com/us/album/blocking-the-sky/512985308?uo=4",
      "copyright": "℗ 2012 Approaching Nirvana",
      "country": "USA",
      "currency": "USD",
      "primaryGenreName": "Electronic",
      "releaseDate": "2012-03-24T07:00:00Z",
      "trackCount": 14,
      "wrapperType": "collection",
    },
    {
      "artistId": 313583565,
      "artistName": "Approaching Nirvana",
      "artistViewUrl": "https://music.apple.com/us/artist/approaching-nirvana/313583565?uo=4",
      "artworkUrl100": "https://is1-ssl.mzstatic.com/image/thumb/Music115/v4/bb/f0/c8/bbf0c82d-4842-c0ca-8198-3f3c84117e57/859709349633_cover.tif/100x100bb.jpg",
      "artworkUrl60": "https://is1-ssl.mzstatic.com/image/thumb/Music115/v4/bb/f0/c8/bbf0c82d-4842-c0ca-8198-3f3c84117e57/859709349633_cover.tif/60x60bb.jpg",
      "collectionCensoredName": "Illusions",
      "collectionExplicitness": "notExplicit",
      "collectionId": 588866149,
      "collectionName": "Illusions",
      "collectionPrice": 9.99,
      "collectionType": "Album",
      "collectionViewUrl": "https://music.apple.com/us/album/illusions/588866149?uo=4",
      "copyright": "℗ 2012 Approaching Nirvana",
      "country": "USA",
      "currency": "USD",
      "primaryGenreName": "Dance",
      "releaseDate": "2012-12-28T08:00:00Z",
      "trackCount": 17,
      "wrapperType": "collection",
    },
    {
      "amgArtistId": 143230,
      "artistId": 256176428,
      "artistName": "Nirvana",
      "artistViewUrl": "https://music.apple.com/us/artist/nirvana/256176428?uo=4",
      "artworkUrl100": "https://is1-ssl.mzstatic.com/image/thumb/Music115/v4/43/81/10/438110b7-cd33-9f03-2a74-999110cffa98/190296712487.jpg/100x100bb.jpg",
      "artworkUrl60": "https://is1-ssl.mzstatic.com/image/thumb/Music115/v4/43/81/10/438110b7-cd33-9f03-2a74-999110cffa98/190296712487.jpg/60x60bb.jpg",
      "collectionCensoredName": "Black Flower",
      "collectionExplicitness": "notExplicit",
      "collectionId": 1580708289,
      "collectionName": "Black Flower",
      "collectionPrice": 6.99,
      "collectionType": "Album",
      "collectionViewUrl": "https://music.apple.com/us/album/black-flower/1580708289?uo=4",
      "copyright": "℗ 2018 Nirvana",
      "country": "USA",
      "currency": "USD",
      "primaryGenreName": "Rock",
      "releaseDate": "1987-01-01T00:00:00Z",
      "trackCount": 15,
      "wrapperType": "collection",
    },
    {
      "artistId": 313583565,
      "artistName": "Approaching Nirvana",
      "artistViewUrl": "https://music.apple.com/us/artist/approaching-nirvana/313583565?uo=4",
      "artworkUrl100": "https://is1-ssl.mzstatic.com/image/thumb/Features/v4/14/01/61/140161b3-3b9c-b8f1-2e68-70cfc9796d39/dj.hmnvujkr.tif/100x100bb.jpg",
      "artworkUrl60": "https://is1-ssl.mzstatic.com/image/thumb/Features/v4/14/01/61/140161b3-3b9c-b8f1-2e68-70cfc9796d39/dj.hmnvujkr.tif/60x60bb.jpg",
      "collectionCensoredName": "Subliminal Message",
      "collectionExplicitness": "notExplicit",
      "collectionId": 479060153,
      "collectionName": "Subliminal Message",
      "collectionPrice": 9.99,
      "collectionType": "Album",
      "collectionViewUrl": "https://music.apple.com/us/album/subliminal-message/479060153?uo=4",
      "copyright": "℗ 2011 Approaching Nirvana",
      "country": "USA",
      "currency": "USD",
      "primaryGenreName": "Electronic",
      "releaseDate": "2011-11-08T08:00:00Z",
      "trackCount": 16,
      "wrapperType": "collection",
    },
    {
      "artistId": 922336037,
      "artistName": "Nirvana Meditation School Master & Meditation",
      "artistViewUrl": "https://music.apple.com/us/artist/nirvana-meditation-school-master/922336037?uo=4",
      "artworkUrl100": "https://is1-ssl.mzstatic.com/image/thumb/Music125/v4/10/1d/cc/101dccbe-835f-6f44-16b9-18ba59c416d6/8033772909983.jpg/100x100bb.jpg",
      "artworkUrl60": "https://is1-ssl.mzstatic.com/image/thumb/Music125/v4/10/1d/cc/101dccbe-835f-6f44-16b9-18ba59c416d6/8033772909983.jpg/60x60bb.jpg",
      "collectionCensoredName": "Meditation, Deep Sleep, Studying, Healing: Best Soothing Music Ever",
      "collectionExplicitness": "notExplicit",
      "collectionId": 1320093581,
      "collectionName": "Meditation, Deep Sleep, Studying, Healing: Best Soothing Music Ever",
      "collectionPrice": 5.99,
      "collectionType": "Album",
      "collectionViewUrl": "https://music.apple.com/us/album/meditation-deep-sleep-studying-healing-best-soothing/1320093581?uo=4",
      "copyright": "℗ 2017 Equilibrium",
      "country": "USA",
      "currency": "USD",
      "primaryGenreName": "New Age",
      "releaseDate": "2017-11-30T08:00:00Z",
      "trackCount": 22,
      "wrapperType": "collection",
    },
    {
      "amgArtistId": 143230,
      "artistId": 256176428,
      "artistName": "Nirvana",
      "artistViewUrl": "https://music.apple.com/us/artist/nirvana/256176428?uo=4",
      "artworkUrl100": "https://is1-ssl.mzstatic.com/image/thumb/Music126/v4/d1/4e/12/d14e127f-1741-1fd2-8dbc-54f24b3637e4/5037300019215.jpg/100x100bb.jpg",
      "artworkUrl60": "https://is1-ssl.mzstatic.com/image/thumb/Music126/v4/d1/4e/12/d14e127f-1741-1fd2-8dbc-54f24b3637e4/5037300019215.jpg/60x60bb.jpg",
      "collectionCensoredName": "Songs Of Love And Praise",
      "collectionExplicitness": "notExplicit",
      "collectionId": 1599539394,
      "collectionName": "Songs Of Love And Praise",
      "collectionPrice": 6.99,
      "collectionType": "Album",
      "collectionViewUrl": "https://music.apple.com/us/album/songs-of-love-and-praise/1599539394?uo=4",
      "copyright": "℗ 2017 Cherry Red Records Ltd.",
      "country": "USA",
      "currency": "USD",
      "primaryGenreName": "Rock",
      "releaseDate": "1972-01-01T00:00:00Z",
      "trackCount": 11,
      "wrapperType": "collection",
    },
    {
      "amgArtistId": 143230,
      "artistId": 256176428,
      "artistName": "Nirvana",
      "artistViewUrl": "https://music.apple.com/us/artist/nirvana/256176428?uo=4",
      "artworkUrl100": "https://is1-ssl.mzstatic.com/image/thumb/Music112/v4/e0/56/b5/e056b5b8-5f29-8091-b193-d936d45a2dd9/5021732020192.jpg/100x100bb.jpg",
      "artworkUrl60": "https://is1-ssl.mzstatic.com/image/thumb/Music112/v4/e0/56/b5/e056b5b8-5f29-8091-b193-d936d45a2dd9/5021732020192.jpg/60x60bb.jpg",
      "collectionCensoredName": "Secret Theatre",
      "collectionExplicitness": "notExplicit",
      "collectionId": 1634827757,
      "collectionName": "Secret Theatre",
      "collectionPrice": 9.99,
      "collectionType": "Album",
      "collectionViewUrl": "https://music.apple.com/us/album/secret-theatre/1634827757?uo=4",
      "copyright": "℗ 1995 Cherry Red Records Ltd.",
      "country": "USA",
      "currency": "USD",
      "primaryGenreName": "Rock",
      "releaseDate": "1995-01-01T08:00:00Z",
      "trackCount": 21,
      "wrapperType": "collection",
    },
    {
      "amgArtistId": 143230,
      "artistId": 256176428,
      "artistName": "Nirvana",
      "artistViewUrl": "https://music.apple.com/us/artist/nirvana/256176428?uo=4",
      "artworkUrl100": "https://is1-ssl.mzstatic.com/image/thumb/Music115/v4/1f/a0/3d/1fa03dd4-5674-61ca-09b8-d3476529f08f/00602498124574.rgb.jpg/100x100bb.jpg",
      "artworkUrl60": "https://is1-ssl.mzstatic.com/image/thumb/Music115/v4/1f/a0/3d/1fa03dd4-5674-61ca-09b8-d3476529f08f/00602498124574.rgb.jpg/60x60bb.jpg",
      "collectionCensoredName": "To Markos III (Remastered)",
      "collectionExplicitness": "notExplicit",
      "collectionId": 1442895507,
      "collectionName": "To Markos III (Remastered)",
      "collectionPrice": 9.99,
      "collectionType": "Album",
      "collectionViewUrl": "https://music.apple.com/us/album/to-markos-iii-remastered/1442895507?uo=4",
      "copyright": "℗ 2003 Spyropoulos / Campbell-Lyons",
      "country": "USA",
      "currency": "USD",
      "primaryGenreName": "Pop",
      "releaseDate": "2003-01-01T08:00:00Z",
      "trackCount": 10,
      "wrapperType": "collection",
    },
    {
      "amgArtistId": 143230,
      "artistId": 256176428,
      "artistName": "Nirvana",
      "artistViewUrl": "https://music.apple.com/us/artist/nirvana/256176428?uo=4",
      "artworkUrl100": "https://is1-ssl.mzstatic.com/image/thumb/Music118/v4/d3/ca/2e/d3ca2ea2-b247-944e-5c3f-16741e07b555/00602498000151.rgb.jpg/100x100bb.jpg",
      "artworkUrl60": "https://is1-ssl.mzstatic.com/image/thumb/Music118/v4/d3/ca/2e/d3ca2ea2-b247-944e-5c3f-16741e07b555/00602498000151.rgb.jpg/60x60bb.jpg",
      "collectionCensoredName": "Forever Changing: An Introduction to Nirvana",
      "collectionExplicitness": "notExplicit",
      "collectionId": 1443711256,
      "collectionName": "Forever Changing: An Introduction to Nirvana",
      "collectionPrice": 9.99,
      "collectionType": "Album",
      "collectionViewUrl": "https://music.apple.com/us/album/forever-changing-an-introduction-to-nirvana/1443711256?uo=4",
      "copyright": "This Compilation ℗ 2003 Universal-Island Records Ltd.",
      "country": "USA",
      "currency": "USD",
      "primaryGenreName": "Alternative",
      "releaseDate": "2003-01-01T08:00:00Z",
      "trackCount": 14,
      "wrapperType": "collection",
    },
    {
      "artistId": 313583565,
      "artistName": "Approaching Nirvana",
      "artistViewUrl": "https://music.apple.com/us/artist/approaching-nirvana/313583565?uo=4",
      "artworkUrl100": "https://is1-ssl.mzstatic.com/image/thumb/Music124/v4/e6/d8/3a/e6d83ae9-7b5b-089d-d42f-c5404ce80613/859714677073_cover.jpg/100x100bb.jpg",
      "artworkUrl60": "https://is1-ssl.mzstatic.com/image/thumb/Music124/v4/e6/d8/3a/e6d83ae9-7b5b-089d-d42f-c5404ce80613/859714677073_cover.jpg/60x60bb.jpg",
      "collectionCensoredName": "Notes",
      "collectionExplicitness": "notExplicit",
      "collectionId": 988452756,
      "collectionName": "Notes",
      "collectionPrice": 9.99,
      "collectionType": "Album",
      "collectionViewUrl": "https://music.apple.com/us/album/notes/988452756?uo=4",
      "copyright": "℗ 2015 Approaching Nirvana",
      "country": "USA",
      "currency": "USD",
      "primaryGenreName": "Electronic",
      "releaseDate": "2015-05-01T07:00:00Z",
      "trackCount": 14,
      "wrapperType": "collection",
    },
    {
      "artistId": 313583565,
      "artistName": "Approaching Nirvana",
      "artistViewUrl": "https://music.apple.com/us/artist/approaching-nirvana/313583565?uo=4",
      "artworkUrl100": "https://is1-ssl.mzstatic.com/image/thumb/Music/v4/63/4b/54/634b5449-e34e-6a4e-49fa-b00cf8822af4/859709125589_cover.tif/100x100bb.jpg",
      "artworkUrl60": "https://is1-ssl.mzstatic.com/image/thumb/Music/v4/63/4b/54/634b5449-e34e-6a4e-49fa-b00cf8822af4/859709125589_cover.tif/60x60bb.jpg",
      "collectionCensoredName": "Minecraft Style Remix (Instrumental) - Single",
      "collectionExplicitness": "notExplicit",
      "collectionId": 575271876,
      "collectionName": "Minecraft Style Remix (Instrumental) - Single",
      "collectionPrice": 1.29,
      "collectionType": "Album",
      "collectionViewUrl": "https://music.apple.com/us/album/minecraft-style-remix-instrumental-single/575271876?uo=4",
      "copyright": "℗ 2012 Approaching Nirvana",
      "country": "USA",
      "currency": "USD",
      "primaryGenreName": "Dance",
      "releaseDate": "2012-10-31T07:00:00Z",
      "trackCount": 1,
      "wrapperType": "collection",
    },
    {
      "artistId": 313583565,
      "artistName": "Approaching Nirvana",
      "artistViewUrl": "https://music.apple.com/us/artist/approaching-nirvana/313583565?uo=4",
      "artworkUrl100": "https://is1-ssl.mzstatic.com/image/thumb/Music/v4/24/a2/bd/24a2bd8e-4c83-6d16-7522-9e7a008ccf02/859711745126_cover.tif/100x100bb.jpg",
      "artworkUrl60": "https://is1-ssl.mzstatic.com/image/thumb/Music/v4/24/a2/bd/24a2bd8e-4c83-6d16-7522-9e7a008ccf02/859711745126_cover.tif/60x60bb.jpg",
      "collectionCensoredName": "Waiting for the Sun",
      "collectionExplicitness": "notExplicit",
      "collectionId": 780730429,
      "collectionName": "Waiting for the Sun",
      "collectionPrice": 9.99,
      "collectionType": "Album",
      "collectionViewUrl": "https://music.apple.com/us/album/waiting-for-the-sun/780730429?uo=4",
      "copyright": "℗ 2013 Approaching Nirvana",
      "country": "USA",
      "currency": "USD",
      "primaryGenreName": "Electronic",
      "releaseDate": "2013-12-20T08:00:00Z",
      "trackCount": 13,
      "wrapperType": "collection",
    },
    {
      "amgArtistId": 143230,
      "artistId": 256176428,
      "artistName": "Nirvana",
      "artistViewUrl": "https://music.apple.com/us/artist/nirvana/256176428?uo=4",
      "artworkUrl100": "https://is1-ssl.mzstatic.com/image/thumb/Music116/v4/9c/05/ac/9c05acd5-d03f-4a4d-375d-c54cfe362950/5037300019208.jpg/100x100bb.jpg",
      "artworkUrl60": "https://is1-ssl.mzstatic.com/image/thumb/Music116/v4/9c/05/ac/9c05acd5-d03f-4a4d-375d-c54cfe362950/5037300019208.jpg/60x60bb.jpg",
      "collectionCensoredName": "Local Anaesthetic",
      "collectionExplicitness": "notExplicit",
      "collectionId": 1599540687,
      "collectionName": "Local Anaesthetic",
      "collectionPrice": 2.99,
      "collectionType": "Album",
      "collectionViewUrl": "https://music.apple.com/us/album/local-anaesthetic/1599540687?uo=4",
      "copyright": "℗ 1971 Cherry Red Records Ltd. Cherry Red Records Ltd.",
      "country": "USA",
      "currency": "USD",
      "primaryGenreName": "Rock",
      "releaseDate": "1971-01-01T08:00:00Z",
      "trackCount": 4,
      "wrapperType": "collection",
    },
    {
      "amgArtistId": 1074253,
      "artistId": 217670181,
      "artistName": "Nirvana Meditation Orchestra",
      "artistViewUrl": "https://music.apple.com/us/artist/nirvana-meditation-orchestra/217670181?uo=4",
      "artworkUrl100": "https://is1-ssl.mzstatic.com/image/thumb/Music/8d/9c/c8/mzi.gxvumzss.jpg/100x100bb.jpg",
      "artworkUrl60": "https://is1-ssl.mzstatic.com/image/thumb/Music/8d/9c/c8/mzi.gxvumzss.jpg/60x60bb.jpg",
      "collectionCensoredName": "Bombay Dream Lounge",
      "collectionExplicitness": "notExplicit",
      "collectionId": 217670176,
      "collectionName": "Bombay Dream Lounge",
      "collectionType": "Album",
      "collectionViewUrl": "https://music.apple.com/us/album/bombay-dream-lounge/217670176?uo=4",
      "copyright": "℗ 2007 Zip Music",
      "country": "USA",
      "currency": "USD",
      "primaryGenreName": "New Age",
      "releaseDate": "2007-03-19T07:00:00Z",
      "trackCount": 10,
      "wrapperType": "collection",
    },
    {
      "amgArtistId": 3155791,
      "artistId": 429929192,
      "artistName": "TryHardNinja & Approaching Nirvana",
      "artistViewUrl": "https://music.apple.com/us/artist/tryhardninja/429929192?uo=4",
      "artworkUrl100": "https://is1-ssl.mzstatic.com/image/thumb/Music6/v4/4f/b8/ef/4fb8eff8-88b0-e6b2-3d0b-7dba1d653f2e/859711660160_cover.tif/100x100bb.jpg",
      "artworkUrl60": "https://is1-ssl.mzstatic.com/image/thumb/Music6/v4/4f/b8/ef/4fb8eff8-88b0-e6b2-3d0b-7dba1d653f2e/859711660160_cover.tif/60x60bb.jpg",
      "collectionCensoredName": "Take Back the Night Remix - Single",
      "collectionExplicitness": "notExplicit",
      "collectionId": 771010288,
      "collectionName": "Take Back the Night Remix - Single",
      "collectionPrice": 2.97,
      "collectionType": "Album",
      "collectionViewUrl": "https://music.apple.com/us/album/take-back-the-night-remix-single/771010288?uo=4",
      "copyright": "℗ 2013 TryHardNinja & Approaching Nirvana",
      "country": "USA",
      "currency": "USD",
      "primaryGenreName": "Dance",
      "releaseDate": "2013-11-30T08:00:00Z",
      "trackCount": 3,
      "wrapperType": "collection",
    },
    {
      "artistId": 313583565,
      "artistName": "Approaching Nirvana",
      "artistViewUrl": "https://music.apple.com/us/artist/approaching-nirvana/313583565?uo=4",
      "artworkUrl100": "https://is1-ssl.mzstatic.com/image/thumb/Music2/v4/a8/b7/98/a8b798d7-866d-1a53-ba74-b54fec71f045/859710114473_cover.tif/100x100bb.jpg",
      "artworkUrl60": "https://is1-ssl.mzstatic.com/image/thumb/Music2/v4/a8/b7/98/a8b798d7-866d-1a53-ba74-b54fec71f045/859710114473_cover.tif/60x60bb.jpg",
      "collectionCensoredName": "Group 12 - EP",
      "collectionExplicitness": "notExplicit",
      "collectionId": 651621849,
      "collectionName": "Group 12 - EP",
      "collectionPrice": 3.96,
      "collectionType": "Album",
      "collectionViewUrl": "https://music.apple.com/us/album/group-12-ep/651621849?uo=4",
      "copyright": "℗ 2013 Approaching Nirvana",
      "country": "USA",
      "currency": "USD",
      "primaryGenreName": "Electronic",
      "releaseDate": "2013-05-24T07:00:00Z",
      "trackCount": 4,
      "wrapperType": "collection",
    },
    {
      "artistId": 313583565,
      "artistName": "Approaching Nirvana",
      "artistViewUrl": "https://music.apple.com/us/artist/approaching-nirvana/313583565?uo=4",
      "artworkUrl100": "https://is1-ssl.mzstatic.com/image/thumb/Music49/v4/0d/fb/f7/0dfbf71d-5ca2-a341-94d9-3552d269f593/859716147895_cover.jpg/100x100bb.jpg",
      "artworkUrl60": "https://is1-ssl.mzstatic.com/image/thumb/Music49/v4/0d/fb/f7/0dfbf71d-5ca2-a341-94d9-3552d269f593/859716147895_cover.jpg/60x60bb.jpg",
      "collectionCensoredName": "Cinematic Soundscapes, Vol. 2",
      "collectionExplicitness": "notExplicit",
      "collectionId": 1065663573,
      "collectionName": "Cinematic Soundscapes, Vol. 2",
      "collectionPrice": 9.99,
      "collectionType": "Album",
      "collectionViewUrl": "https://music.apple.com/us/album/cinematic-soundscapes-vol-2/1065663573?uo=4",
      "copyright": "℗ 2015 Approaching Nirvana",
      "country": "USA",
      "currency": "USD",
      "primaryGenreName": "Soundtrack",
      "releaseDate": "2015-12-19T08:00:00Z",
      "trackCount": 14,
      "wrapperType": "collection",
    },
    {
      "artistId": 313583565,
      "artistName": "Approaching Nirvana",
      "artistViewUrl": "https://music.apple.com/us/artist/approaching-nirvana/313583565?uo=4",
      "artworkUrl100": "https://is1-ssl.mzstatic.com/image/thumb/Music128/v4/d8/36/14/d83614b9-a585-5110-5a9d-70829e9cfdb7/artwork.jpg/100x100bb.jpg",
      "artworkUrl60": "https://is1-ssl.mzstatic.com/image/thumb/Music128/v4/d8/36/14/d83614b9-a585-5110-5a9d-70829e9cfdb7/artwork.jpg/60x60bb.jpg",
      "collectionCensoredName": "Horizons",
      "collectionExplicitness": "notExplicit",
      "collectionId": 1325668251,
      "collectionName": "Horizons",
      "collectionPrice": 9.99,
      "collectionType": "Album",
      "collectionViewUrl": "https://music.apple.com/us/album/horizons/1325668251?uo=4",
      "copyright": "℗ 2017 Approaching Nirvana",
      "country": "USA",
      "currency": "USD",
      "primaryGenreName": "Dance",
      "releaseDate": "2017-12-16T08:00:00Z",
      "trackCount": 25,
      "wrapperType": "collection",
    },
    {
      "artistId": 313583565,
      "artistName": "Approaching Nirvana",
      "artistViewUrl": "https://music.apple.com/us/artist/approaching-nirvana/313583565?uo=4",
      "artworkUrl100": "https://is1-ssl.mzstatic.com/image/thumb/Music3/v4/4a/cb/59/4acb59e9-278e-86dc-0190-5a79b914f78d/859713830851_cover.tif/100x100bb.jpg",
      "artworkUrl60": "https://is1-ssl.mzstatic.com/image/thumb/Music3/v4/4a/cb/59/4acb59e9-278e-86dc-0190-5a79b914f78d/859713830851_cover.tif/60x60bb.jpg",
      "collectionCensoredName": "Reboot",
      "collectionExplicitness": "notExplicit",
      "collectionId": 949565433,
      "collectionName": "Reboot",
      "collectionPrice": 9.99,
      "collectionType": "Album",
      "collectionViewUrl": "https://music.apple.com/us/album/reboot/949565433?uo=4",
      "copyright": "℗ 2014 Approaching Nirvana",
      "country": "USA",
      "currency": "USD",
      "primaryGenreName": "Electronic",
      "releaseDate": "2014-12-19T08:00:00Z",
      "trackCount": 16,
      "wrapperType": "collection",
    },
  ],
}
`;
